Microchip MPLAB XC8 Compiler V2.45

Linker command line:

-W-3 \
  --edf=C:\Program Files\Microchip\xc8\v2.45\pic\dat\20230818022343_en.msgs \
  -cn -h+dist/default/production\projekat.X.production.sym \
  --cmf=dist/default/production\projekat.X.production.cmf -z -Q18F87K22 \
  -oC:\Users\marij\AppData\Local\Temp\xcAs444.\driver_tmp_3.o \
  --defsym=__MPLAB_BUILD=1 --fixupoverflow=error \
  -Mdist/default/production/projekat.X.production.map \
  --md=C:\Users\marij\AppData\Local\Temp\xcAs444.\driver_tmp_0.dat -E1 \
  -ver=XC8 Compiler --acfsm=1493 -ACODE=00h-01FFFFh -ACONST=00h-01FFFFh \
  -ASMALLCONST=01000h-010FFhx496 \
  -AMEDIUMCONST=01000h-0FFFFh,011000h-01FFFFh -ACOMRAM=01h-05Fh \
  -AABS1=00h-0F15h -ABIGRAM=01h-0F15h \
  -ARAM=060h-0FFh,0100h-01FFhx14,0F00h-0F15h -ABANK0=060h-0FFh \
  -ABANK1=0100h-01FFh -ABANK2=0200h-02FFh -ABANK3=0300h-03FFh \
  -ABANK4=0400h-04FFh -ABANK5=0500h-05FFh -ABANK6=0600h-06FFh \
  -ABANK7=0700h-07FFh -ABANK8=0800h-08FFh -ABANK9=0900h-09FFh \
  -ABANK10=0A00h-0AFFh -ABANK11=0B00h-0BFFh -ABANK12=0C00h-0CFFh \
  -ABANK13=0D00h-0DFFh -ABANK14=0E00h-0EFFh -ABANK15=0F00h-0F15h \
  -ASFR=0F16h-0F5Fh,0F60h-0FFFh -ABIGSFR=0F16h-0FFFh \
  -ACONFIG=0300000h-030000Dh -AIDLOC=0200000h-0200007h \
  -AEEDATA=0F00000h-0F003FFh -peeprom_data=EEDATA \
  -preset_vec=00h,intcode=08h,intcodelo,powerup,init -pramtop=01000h \
  -psmallconst=SMALLCONST -pmediumconst=MEDIUMCONST -pconst=CONST \
  -AFARRAM=00h-00h \
  -prdata=COMRAM,nvrram=COMRAM,nvbit=COMRAM,rbss=COMRAM,rbit=COMRAM \
  -pfarbss=FARRAM,fardata=FARRAM,nvFARRAM=FARRAM \
  -pintsave_regs=BIGRAM,bigbss=BIGRAM,bigdata=BIGRAM -pbss=RAM \
  -pidata=CODE,irdata=CODE,ibigdata=CODE,ifardata=CODE -prparam=COMRAM \
  dist/default/production\startup.o \
  dist/default/production\projekat.X.production.o 

Object code version is 3.11

Machine type is 18F87K22



                Name                               Link     Load   Length Selector   Space Scale
dist/default/production\startup.o
                config                           300000   300000        E        0       4
                init                                 74       74        4        4       0
                reset_vec                             0        0        4        0       0
dist/default/production\projekat.X.production.o
                intcode                               8        8       6C        4       0
                config                           300000   300000        E        0       4
                temp                                 57       57        1        1       1
                smallconst                         1000     1000        2      800       0
                text31                             28EE     28EE        6      801       0
                text30                             27BA     27BA       3A      801       0
                text29                             24A8     24A8       9A      801       0
                text28                             2822     2822       28      801       0
                text27                             2690     2690       3E      801       0
                text25                             2542     2542       64      801       0
                text24                             2404     2404       A4      801       0
                text23                             287E     287E       16      801       0
                text22                             2868     2868       16      801       0
                text21                             28E0     28E0        E      801       0
                text20                             28D2     28D2        E      801       0
                text19                             28C4     28C4        E      801       0
                text18                             2604     2604       4A      801       0
                text17                             28F4     28F4        4      801       0
                text16                             2894     2894       14      801       0
                text15                             264E     264E       42      801       0
                text14                             28B6     28B6        E      801       0
                text13                             2780     2780       3A      801       0
                text12                             28A8     28A8        E      801       0
                text11                             270A     270A       3C      801       0
                text10                             284A     284A       1E      801       0
                text9                              1002     1002      4C0      801       0
                text8                              1CC8     1CC8      39A      801       0
                text7                              14C2     14C2      42A      801       0
                text6                              2062     2062      1B4      801       0
                text5                              18EC     18EC      3DC      801       0
                text4                              2216     2216      140      801       0
                text3                              27F4     27F4       2E      801       0
                text2                              2746     2746       3A      801       0
                text1                              25A6     25A6       5E      801       0
                text0                              2356     2356       AE      801       0
                cstackCOMRAM                          1        1       3E        1       1
                cstackBANK0                          69       69        8       60       1
                bssBIGRAM                            71       71      E10       71       1
                dataCOMRAM                           56       56        1        1       1
                bssCOMRAM                            3F       3F        F        1       1
                cinit                              26CE     26CE       3C      801       0
                nvBANK0                              60       60        9       60       1
                nvCOMRAM                             4E       4E        8        1       1
                idataCOMRAM                        28F8     28F8        1      801       0

TOTAL           Name                               Link     Load   Length     Space
        CLASS   CODE           
                intcode                               8        8       6C         0
                init                                 74       74        4         0
                reset_vec                             0        0        4         0
                text31                             28EE     28EE        6         0
                text30                             27BA     27BA       3A         0
                text29                             24A8     24A8       9A         0
                text28                             2822     2822       28         0
                text27                             2690     2690       3E         0
                text25                             2542     2542       64         0
                text24                             2404     2404       A4         0
                text23                             287E     287E       16         0
                text22                             2868     2868       16         0
                text21                             28E0     28E0        E         0
                text20                             28D2     28D2        E         0
                text19                             28C4     28C4        E         0
                text18                             2604     2604       4A         0
                text17                             28F4     28F4        4         0
                text16                             2894     2894       14         0
                text15                             264E     264E       42         0
                text14                             28B6     28B6        E         0
                text13                             2780     2780       3A         0
                text12                             28A8     28A8        E         0
                text11                             270A     270A       3C         0
                text10                             284A     284A       1E         0
                text9                              1002     1002      4C0         0
                text8                              1CC8     1CC8      39A         0
                text7                              14C2     14C2      42A         0
                text6                              2062     2062      1B4         0
                text5                              18EC     18EC      3DC         0
                text4                              2216     2216      140         0
                text3                              27F4     27F4       2E         0
                text2                              2746     2746       3A         0
                text1                              25A6     25A6       5E         0
                text0                              2356     2356       AE         0
                cinit                              26CE     26CE       3C         0
                idataCOMRAM                        28F8     28F8        1         0

        CLASS   CONST          

        CLASS   SMALLCONST     
                smallconst                         1000     1000        2         0

        CLASS   MEDIUMCONST    

        CLASS   COMRAM         
                temp                                 57       57        1         1
                cstackCOMRAM                          1        1       3E         1
                dataCOMRAM                           56       56        1         1
                bssCOMRAM                            3F       3F        F         1
                nvCOMRAM                             4E       4E        8         1

        CLASS   ABS1           

        CLASS   BIGRAM         
                bssBIGRAM                            71       71      E10         1

        CLASS   RAM            

        CLASS   BANK0          
                cstackBANK0                          69       69        8         1
                nvBANK0                              60       60        9         1

        CLASS   BANK1          

        CLASS   BANK2          

        CLASS   BANK3          

        CLASS   BANK4          

        CLASS   BANK5          

        CLASS   BANK6          

        CLASS   BANK7          

        CLASS   BANK8          

        CLASS   BANK9          

        CLASS   BANK10         

        CLASS   BANK11         

        CLASS   BANK12         

        CLASS   BANK13         

        CLASS   BANK14         

        CLASS   BANK15         

        CLASS   SFR            

        CLASS   BIGSFR         

        CLASS   CONFIG         
                config                           300000   300000        E         4

        CLASS   IDLOC          

        CLASS   EEDATA         

        CLASS   FARRAM         

        CLASS   HEAP           

        CLASS   STACK          



SEGMENTS        Name                           Load    Length   Top    Selector   Space  Class

                reset_vec                      000000  000004  000004         0       0  CODE    
                cstackCOMRAM                   000001  000057  000058         1       1  COMRAM  
                intcode                        000008  000070  000078         4       0  CODE    
                nvBANK0                        000060  000011  000071        60       1  BANK0   
                bssBIGRAM                      000071  000E10  000E81        71       1  BIGRAM  
                smallconst                     001000  000002  001002       800       0  SMALLCON
                text9                          001002  0018F7  0028F9       801       0  CODE    


UNUSED ADDRESS RANGES

        Name                Unused          Largest block    Delta
        BANK14           000E81-000EFF               7F
        BANK15           000F00-000F15               16
        BIGRAM           000058-00005F                8
                         000E81-000F15               95
        BIGSFR           000F16-000FFF               EA
        CODE             000004-000007                4
                         000078-000FFF              F88
                         0028F9-01FFFF            1D707
        COMRAM           000058-00005F                8
        CONST            000004-000007                4
                         000078-000FFF              F88
                         0028F9-01FFFF            1D707
        EEDATA           F00000-F003FF              400
        IDLOC            200000-200007                8
        MEDIUMCONST      0028F9-00FFFF             D707
                         011000-01FFFF             F000
        RAM              000E81-000F15               7F
        SFR              000F16-000FFF               4A
        SMALLCONST       0028F9-01FFFF              100

                                  Symbol Table

?_ADC_GetConversion                             cstackCOMRAM 000005
?_AveregeFilter                                 cstackCOMRAM 00000A
?_StandardDev                                   cstackCOMRAM 00002E
?___fladd                                       cstackCOMRAM 00001E
?___fldiv                                       cstackCOMRAM 000005
?___flmul                                       cstackCOMRAM 000005
?___lwmod                                       cstackCOMRAM 000005
?___xxtofl                                      cstackCOMRAM 00000A
?_calculateThreshold                            cstackCOMRAM 00001E
?_sqrtf                                         cstackCOMRAM 000005
ADC_GetConversion@channel                       cstackCOMRAM 000009
AveregeFilter@i                                 cstackCOMRAM 000014
AveregeFilter@sum                               cstackCOMRAM 000010
EUSART1_SetErrorHandler@interruptHandler        cstackCOMRAM 000005
EUSART1_SetFramingErrorHandler@interruptHandler cstackCOMRAM 000005
EUSART1_SetOverrunErrorHandler@interruptHandler cstackCOMRAM 000005
EUSART1_Write@txData                            cstackCOMRAM 000005
StandardDev@average                             cstackCOMRAM 00002E
StandardDev@i                                   cstackCOMRAM 00003E
StandardDev@razlika                             cstackCOMRAM 000036
StandardDev@variance                            cstackCOMRAM 00003A
TMR0_SetInterruptHandler@InterruptHandler       cstackCOMRAM 000005
TMR5_SetInterruptHandler@InterruptHandler       cstackCOMRAM 000005
TMR5_WriteTimer@timerVal                        cstackCOMRAM 000001
_ADCON0                                         (abs)        000FC2
_ADCON0bits                                     (abs)        000FC2
_ADCON1                                         (abs)        000FC1
_ADCON2                                         (abs)        000FC0
_ADC_GetConversion                              text2        002746
_ADC_Initialize                                 text22       002868
_ADC_InterruptHandler                           bssCOMRAM    00003F
_ADRESH                                         (abs)        000FC4
_ADRESL                                         (abs)        000FC3
_ANCON0                                         (abs)        000F25
_ANCON1                                         (abs)        000F24
_ANCON2                                         (abs)        000F23
_AveregeFilter                                  text24       002404
_BAUDCON1                                       (abs)        000F65
_EUSART1_DefaultErrorHandler                    (abs)        000000
_EUSART1_DefaultFramingErrorHandler             (abs)        000000
_EUSART1_DefaultOverrunErrorHandler             (abs)        000000
_EUSART1_ErrorHandler                           nvBANK0      000060
_EUSART1_FramingErrorHandler                    nvBANK0      000066
_EUSART1_Initialize                             text18       002604
_EUSART1_OverrunErrorHandler                    nvBANK0      000063
_EUSART1_SetErrorHandler                        text21       0028E0
_EUSART1_SetFramingErrorHandler                 text20       0028D2
_EUSART1_SetOverrunErrorHandler                 text19       0028C4
_EUSART1_Write                                  text23       00287E
_INTCONbits                                     (abs)        000FF2
_INTERRUPT_Initialize                           text17       0028F4
_INTERRUPT_InterruptManager                     intcode      000008
_LATA                                           (abs)        000F89
_LATB                                           (abs)        000F8A
_LATBbits                                       (abs)        000F8A
_LATC                                           (abs)        000F8B
_LATD                                           (abs)        000F8C
_LATE                                           (abs)        000F8D
_LATF                                           (abs)        000F8E
_LATG                                           (abs)        000F8F
_LATH                                           (abs)        000F90
_OSCCON                                         (abs)        000FD3
_OSCCON2                                        (abs)        000F64
_OSCILLATOR_Initialize                          text16       002894
_OSCTUNE                                        (abs)        000F9B
_PIE5bits                                       (abs)        000FB9
_PIN_MANAGER_Initialize                         text15       00264E
_PIR1bits                                       (abs)        000F9E
_PIR5bits                                       (abs)        000FBA
_RCONbits                                       (abs)        000FD0
_RCREG1                                         (abs)        000FAE
_RCSTA1                                         (abs)        000FAB
_RCSTA1bits                                     (abs)        000FAB
_REFOCON                                        (abs)        000F2A
_SPBRG1                                         (abs)        000FAF
_SPBRGH1                                        (abs)        000FD4
_SYSTEM_Initialize                              text10       00284A
_StandardDev                                    text4        002216
_T0CON                                          (abs)        000FD5
_T0CONbits                                      (abs)        000FD5
_T5CON                                          (abs)        000F7B
_T5CONbits                                      (abs)        000F7B
_T5GCON                                         (abs)        000F7A
_T5GCONbits                                     (abs)        000F7A
_TMR0H                                          (abs)        000FD7
_TMR0L                                          (abs)        000FD6
_TMR0_DefaultInterruptHandler                   text31       0028EE
_TMR0_ISR                                       text30       0027BA
_TMR0_Initialize                                text13       002780
_TMR0_InterruptHandler                          nvCOMRAM     00004E
_TMR0_SetInterruptHandler                       text14       0028B6
_TMR5H                                          (abs)        000F7D
_TMR5L                                          (abs)        000F7C
_TMR5_DefaultInterruptHandler                   text29       0024A8
_TMR5_ISR                                       text27       002690
_TMR5_Initialize                                text11       00270A
_TMR5_InterruptHandler                          nvCOMRAM     000051
_TMR5_SetInterruptHandler                       text12       0028A8
_TMR5_WriteTimer                                text28       002822
_TRISA                                          (abs)        000F92
_TRISB                                          (abs)        000F93
_TRISC                                          (abs)        000F94
_TRISD                                          (abs)        000F95
_TRISE                                          (abs)        000F96
_TRISF                                          (abs)        000F97
_TRISG                                          (abs)        000F98
_TRISH                                          (abs)        000F99
_TXREG1                                         (abs)        000FAD
_TXSTA1                                         (abs)        000FAC
_TXSTA1bits                                     (abs)        000FAC
__HRAM                                          (abs)        000000
__H__absolute__                                 __absolute__ 000000
__Habs1                                         abs1         000000
__Hbank0                                        bank0        000000
__Hbank1                                        bank1        000000
__Hbank10                                       bank10       000000
__Hbank11                                       bank11       000000
__Hbank12                                       bank12       000000
__Hbank13                                       bank13       000000
__Hbank14                                       bank14       000000
__Hbank15                                       bank15       000000
__Hbank2                                        bank2        000000
__Hbank3                                        bank3        000000
__Hbank4                                        bank4        000000
__Hbank5                                        bank5        000000
__Hbank6                                        bank6        000000
__Hbank7                                        bank7        000000
__Hbank8                                        bank8        000000
__Hbank9                                        bank9        000000
__Hbigbss                                       bigbss       000000
__Hbigdata                                      bigdata      000000
__Hbigram                                       bigram       000000
__Hbigsfr                                       bigsfr       000000
__Hbss                                          bss          000000
__HbssBIGRAM                                    bssBIGRAM    000000
__HbssCOMRAM                                    bssCOMRAM    000000
__Hcinit                                        cinit        000000
__Hclrtext                                      clrtext      000000
__Hcomram                                       comram       000000
__Hconfig                                       config       30000E
__Hconst                                        const        000000
__HcstackBANK0                                  cstackBANK0  000000
__HcstackCOMRAM                                 cstackCOMRAM 000000
__Hdata                                         data         000000
__HdataCOMRAM                                   dataCOMRAM   000000
__Heeprom_data                                  eeprom_data  000000
__Hfarbss                                       farbss       000000
__Hfardata                                      fardata      000000
__Hheap                                         heap         000000
__Hibigdata                                     ibigdata     000000
__Hidata                                        idata        000000
__HidataCOMRAM                                  idataCOMRAM  000000
__Hidloc                                        idloc        000000
__Hifardata                                     ifardata     000000
__Hinit                                         init         000078
__Hintcode                                      intcode      000074
__Hintcode_body                                 intcode_body 000000
__Hintcodelo                                    intcodelo    000074
__Hintentry                                     intentry     000000
__Hintret                                       intret       000000
__Hintsave_regs                                 intsave_regs 000000
__Hirdata                                       irdata       000000
__Hmediumconst                                  mediumconst  000000
__HnvBANK0                                      nvBANK0      000000
__HnvCOMRAM                                     nvCOMRAM     000000
__HnvFARRAM                                     nvFARRAM     000000
__Hnvbit                                        nvbit        000000
__Hnvrram                                       nvrram       000000
__Hparam                                        rparam       000000
__Hpowerup                                      powerup      000074
__Hram                                          ram          000000
__Hramtop                                       ramtop       001000
__Hrbit                                         rbit         000000
__Hrbss                                         rbss         000000
__Hrdata                                        rdata        000000
__Hreset_vec                                    reset_vec    000004
__Hrparam                                       rparam       000000
__Hsfr                                          sfr          000000
__Hsmallconst                                   smallconst   001002
__Hspace_0                                      (abs)        0028F9
__Hspace_1                                      (abs)        000E81
__Hspace_2                                      (abs)        000000
__Hspace_4                                      (abs)        60000E
__Hstack                                        stack        000000
__Hstruct                                       struct       000000
__Htemp                                         temp         000058
__Htext                                         text         000000
__Htext0                                        text0        000000
__Htext1                                        text1        000000
__Htext10                                       text10       000000
__Htext11                                       text11       000000
__Htext12                                       text12       000000
__Htext13                                       text13       000000
__Htext14                                       text14       000000
__Htext15                                       text15       000000
__Htext16                                       text16       000000
__Htext17                                       text17       000000
__Htext18                                       text18       000000
__Htext19                                       text19       000000
__Htext2                                        text2        000000
__Htext20                                       text20       000000
__Htext21                                       text21       000000
__Htext22                                       text22       000000
__Htext23                                       text23       000000
__Htext24                                       text24       000000
__Htext25                                       text25       000000
__Htext27                                       text27       000000
__Htext28                                       text28       000000
__Htext29                                       text29       000000
__Htext3                                        text3        000000
__Htext30                                       text30       000000
__Htext31                                       text31       000000
__Htext32                                       text32       000000
__Htext4                                        text4        000000
__Htext5                                        text5        000000
__Htext6                                        text6        000000
__Htext7                                        text7        000000
__Htext8                                        text8        000000
__Htext9                                        text9        000000
__LRAM                                          (abs)        000001
__L__absolute__                                 __absolute__ 000000
__Labs1                                         abs1         000000
__Lbank0                                        bank0        000000
__Lbank1                                        bank1        000000
__Lbank10                                       bank10       000000
__Lbank11                                       bank11       000000
__Lbank12                                       bank12       000000
__Lbank13                                       bank13       000000
__Lbank14                                       bank14       000000
__Lbank15                                       bank15       000000
__Lbank2                                        bank2        000000
__Lbank3                                        bank3        000000
__Lbank4                                        bank4        000000
__Lbank5                                        bank5        000000
__Lbank6                                        bank6        000000
__Lbank7                                        bank7        000000
__Lbank8                                        bank8        000000
__Lbank9                                        bank9        000000
__Lbigbss                                       bigbss       000000
__Lbigdata                                      bigdata      000000
__Lbigram                                       bigram       000000
__Lbigsfr                                       bigsfr       000000
__Lbss                                          bss          000000
__LbssBIGRAM                                    bssBIGRAM    000000
__LbssCOMRAM                                    bssCOMRAM    000000
__Lcinit                                        cinit        000000
__Lclrtext                                      clrtext      000000
__Lcomram                                       comram       000000
__Lconfig                                       config       000000
__Lconst                                        const        000000
__LcstackBANK0                                  cstackBANK0  000000
__LcstackCOMRAM                                 cstackCOMRAM 000000
__Ldata                                         data         000000
__LdataCOMRAM                                   dataCOMRAM   000000
__Leeprom_data                                  eeprom_data  000000
__Lfarbss                                       farbss       000000
__Lfardata                                      fardata      000000
__Lheap                                         heap         000000
__Libigdata                                     ibigdata     000000
__Lidata                                        idata        000000
__LidataCOMRAM                                  idataCOMRAM  000000
__Lidloc                                        idloc        000000
__Lifardata                                     ifardata     000000
__Linit                                         init         000074
__Lintcode                                      intcode      000008
__Lintcode_body                                 intcode_body 000000
__Lintcodelo                                    intcodelo    000074
__Lintentry                                     intentry     000000
__Lintret                                       intret       000000
__Lintsave_regs                                 intsave_regs 000000
__Lirdata                                       irdata       000000
__Lmediumconst                                  mediumconst  000000
__LnvBANK0                                      nvBANK0      000000
__LnvCOMRAM                                     nvCOMRAM     000000
__LnvFARRAM                                     nvFARRAM     000000
__Lnvbit                                        nvbit        000000
__Lnvrram                                       nvrram       000000
__Lparam                                        rparam       000000
__Lpowerup                                      powerup      000074
__Lram                                          ram          000000
__Lramtop                                       ramtop       001000
__Lrbit                                         rbit         000000
__Lrbss                                         rbss         000000
__Lrdata                                        rdata        000000
__Lreset_vec                                    reset_vec    000000
__Lrparam                                       rparam       000000
__Lsfr                                          sfr          000000
__Lsmallconst                                   smallconst   001000
__Lspace_0                                      (abs)        000000
__Lspace_1                                      (abs)        000000
__Lspace_2                                      (abs)        000000
__Lspace_4                                      (abs)        000000
__Lstack                                        stack        000000
__Lstruct                                       struct       000000
__Ltemp                                         temp         000057
__Ltext                                         text         000000
__Ltext0                                        text0        000000
__Ltext1                                        text1        000000
__Ltext10                                       text10       000000
__Ltext11                                       text11       000000
__Ltext12                                       text12       000000
__Ltext13                                       text13       000000
__Ltext14                                       text14       000000
__Ltext15                                       text15       000000
__Ltext16                                       text16       000000
__Ltext17                                       text17       000000
__Ltext18                                       text18       000000
__Ltext19                                       text19       000000
__Ltext2                                        text2        000000
__Ltext20                                       text20       000000
__Ltext21                                       text21       000000
__Ltext22                                       text22       000000
__Ltext23                                       text23       000000
__Ltext24                                       text24       000000
__Ltext25                                       text25       000000
__Ltext27                                       text27       000000
__Ltext28                                       text28       000000
__Ltext29                                       text29       000000
__Ltext3                                        text3        000000
__Ltext30                                       text30       000000
__Ltext31                                       text31       000000
__Ltext32                                       text32       000000
__Ltext4                                        text4        000000
__Ltext5                                        text5        000000
__Ltext6                                        text6        000000
__Ltext7                                        text7        000000
__Ltext8                                        text8        000000
__Ltext9                                        text9        000000
__S0                                            (abs)        0028F9
__S1                                            (abs)        000E81
__S4                                            (abs)        000000
__S5                                            (abs)        000000
___extmem_base                                  (abs)        020000
___fladd                                        text9        001002
___fladd@a                                      cstackCOMRAM 000022
___fladd@aexp                                   cstackCOMRAM 00002B
___fladd@b                                      cstackCOMRAM 00001E
___fladd@bexp                                   cstackCOMRAM 00002C
___fladd@grs                                    cstackCOMRAM 00002D
___fladd@signs                                  cstackCOMRAM 00002A
___fldiv                                        text8        001CC8
___fldiv@a                                      cstackCOMRAM 000009
___fldiv@aexp                                   cstackCOMRAM 00001D
___fldiv@b                                      cstackCOMRAM 000005
___fldiv@bexp                                   cstackCOMRAM 00001C
___fldiv@grs                                    cstackCOMRAM 000018
___fldiv@new_exp                                cstackCOMRAM 000016
___fldiv@rem                                    cstackCOMRAM 000011
___fldiv@sign                                   cstackCOMRAM 000015
___flmul                                        text7        0014C2
___flmul@a                                      cstackCOMRAM 000009
___flmul@aexp                                   cstackCOMRAM 000012
___flmul@b                                      cstackCOMRAM 000005
___flmul@bexp                                   cstackCOMRAM 000017
___flmul@grs                                    cstackCOMRAM 000013
___flmul@prod                                   cstackCOMRAM 000018
___flmul@sign                                   cstackCOMRAM 000011
___flmul@temp                                   cstackCOMRAM 00001C
___heap_hi                                      (abs)        000000
___heap_lo                                      (abs)        000000
___inthi_sp                                     stack        000000
___inthi_stack_hi                               stack        000000
___inthi_stack_lo                               stack        000000
___intlo_sp                                     stack        000000
___intlo_stack_hi                               stack        000000
___intlo_stack_lo                               stack        000000
___lwmod                                        text25       002542
___lwmod@counter                                cstackCOMRAM 000009
___lwmod@dividend                               cstackCOMRAM 000005
___lwmod@divisor                                cstackCOMRAM 000007
___param_bank                                   (abs)        000000
___rparam_used                                  (abs)        000001
___sp                                           stack        000000
___stack_hi                                     stack        000000
___stack_lo                                     stack        000000
___xxtofl                                       text6        002062
___xxtofl@arg                                   cstackCOMRAM 000014
___xxtofl@exp                                   cstackCOMRAM 000013
___xxtofl@sign                                  cstackCOMRAM 000012
___xxtofl@val                                   cstackCOMRAM 00000A
__accesstop                                     (abs)        000060
__activetblptr                                  (abs)        000003
__end_of_ADC_GetConversion                      text2        002780
__end_of_ADC_Initialize                         text22       00287E
__end_of_AveregeFilter                          text24       0024A8
__end_of_EUSART1_Initialize                     text18       00264E
__end_of_EUSART1_SetErrorHandler                text21       0028EE
__end_of_EUSART1_SetFramingErrorHandler         text20       0028E0
__end_of_EUSART1_SetOverrunErrorHandler         text19       0028D2
__end_of_EUSART1_Write                          text23       002894
__end_of_INTERRUPT_Initialize                   text17       0028F8
__end_of_INTERRUPT_InterruptManager             intcode      000074
__end_of_OSCILLATOR_Initialize                  text16       0028A8
__end_of_PIN_MANAGER_Initialize                 text15       002690
__end_of_SYSTEM_Initialize                      text10       002868
__end_of_StandardDev                            text4        002356
__end_of_TMR0_DefaultInterruptHandler           text31       0028F4
__end_of_TMR0_ISR                               text30       0027F4
__end_of_TMR0_Initialize                        text13       0027BA
__end_of_TMR0_SetInterruptHandler               text14       0028C4
__end_of_TMR5_DefaultInterruptHandler           text29       002542
__end_of_TMR5_ISR                               text27       0026CE
__end_of_TMR5_Initialize                        text11       002746
__end_of_TMR5_SetInterruptHandler               text12       0028B6
__end_of_TMR5_WriteTimer                        text28       00284A
__end_of___fladd                                text9        0014C2
__end_of___fldiv                                text8        002062
__end_of___flmul                                text7        0018EC
__end_of___lwmod                                text25       0025A6
__end_of___xxtofl                               text6        002216
__end_of__initialization                        cinit        002700
__end_of_calculateThreshold                     text3        002822
__end_of_main                                   text0        002404
__end_of_sampleSignal                           text1        002604
__end_of_sqrtf                                  text5        001CC8
__initialization                                cinit        0026CE
__mediumconst                                   mediumconst  000000
__pbssBIGRAM                                    bssBIGRAM    000071
__pbssCOMRAM                                    bssCOMRAM    00003F
__pcinit                                        cinit        0026CE
__pcstackBANK0                                  cstackBANK0  000069
__pcstackCOMRAM                                 cstackCOMRAM 000001
__pdataCOMRAM                                   dataCOMRAM   000056
__pidataCOMRAM                                  idataCOMRAM  0028F8
__pintcode                                      intcode      000008
__pnvBANK0                                      nvBANK0      000060
__pnvCOMRAM                                     nvCOMRAM     00004E
__psmallconst                                   smallconst   001000
__ptext0                                        text0        002356
__ptext1                                        text1        0025A6
__ptext10                                       text10       00284A
__ptext11                                       text11       00270A
__ptext12                                       text12       0028A8
__ptext13                                       text13       002780
__ptext14                                       text14       0028B6
__ptext15                                       text15       00264E
__ptext16                                       text16       002894
__ptext17                                       text17       0028F4
__ptext18                                       text18       002604
__ptext19                                       text19       0028C4
__ptext2                                        text2        002746
__ptext20                                       text20       0028D2
__ptext21                                       text21       0028E0
__ptext22                                       text22       002868
__ptext23                                       text23       00287E
__ptext24                                       text24       002404
__ptext25                                       text25       002542
__ptext27                                       text27       002690
__ptext28                                       text28       002822
__ptext29                                       text29       0024A8
__ptext3                                        text3        0027F4
__ptext30                                       text30       0027BA
__ptext31                                       text31       0028EE
__ptext32                                       text32       000000
__ptext4                                        text4        002216
__ptext5                                        text5        0018EC
__ptext6                                        text6        002062
__ptext7                                        text7        0014C2
__ptext8                                        text8        001CC8
__ptext9                                        text9        001002
__ramtop                                        ramtop       001000
__smallconst                                    smallconst   001000
_brojac_T                                       bssCOMRAM    00004D
_brojac_T_on                                    bssCOMRAM    00004C
_bufferIndex                                    nvCOMRAM     000054
_calculateThreshold                             text3        0027F4
_circularBuffer                                 bssBIGRAM    000071
_errno                                          bssCOMRAM    000042
_eusart1RxLastError                             bssCOMRAM    000048
_flag_tmr0                                      bssCOMRAM    000049
_main                                           text0        002356
_prag_T                                         dataCOMRAM   000056
_sampleSignal                                   text1        0025A6
_scaled_value                                   bssCOMRAM    00004A
_servo                                          bssCOMRAM    00004B
_sqrtf                                          text5        0018EC
_timer0ReloadVal                                bssCOMRAM    000044
_timer5ReloadVal                                bssCOMRAM    000046
btemp                                           temp         000057
calculateThreshold@stdDev                       cstackCOMRAM 00001E
end_of_initialization                           cinit        002700
int$flags                                       temp         000057
intlevel0                                       text         000000
intlevel1                                       text         000000
intlevel2                                       text         000000
intlevel3                                       text         000000
isa$std                                         (abs)        000001
isa$xinst                                       (abs)        000000
main@average                                    cstackBANK0  00006F
main@stdDev                                     cstackBANK0  000069
main@value                                      cstackBANK0  00006D
sampleSignal@sample                             cstackCOMRAM 00000A
sqrtf@i                                         cstackCOMRAM 000012
sqrtf@ix                                        cstackCOMRAM 000026
sqrtf@m                                         cstackCOMRAM 00001E
sqrtf@q                                         cstackCOMRAM 000016
sqrtf@r                                         cstackCOMRAM 000022
sqrtf@s                                         cstackCOMRAM 00000E
sqrtf@t                                         cstackCOMRAM 00001A
sqrtf@x                                         cstackCOMRAM 000005
stackhi                                         (abs)        000000
stacklo                                         (abs)        000000
start                                           init         000074
start_initialization                            cinit        0026CE
ttemp5                                          temp         000058
ttemp6                                          temp         00005B
ttemp7                                          temp         00005F
wtemp8                                          temp         000058


MODULE INFORMATION

Module		Function		Class		Link	Load	Size
mcc_generated_files/interrupt_manager.c
		_INTERRUPT_Initialize		CODE           	28F4	0000	4
		_INTERRUPT_InterruptManager		CODE           	0008	0000	108

mcc_generated_files/interrupt_manager.c estimated size: 112

mcc_generated_files/tmr0.c
		_TMR0_SetInterruptHandler		CODE           	28B6	0000	14
		_TMR0_DefaultInterruptHandler		CODE           	28EE	0000	6
		_TMR0_ISR      		CODE           	27BA	0000	58
		_TMR0_Initialize		CODE           	2780	0000	58

mcc_generated_files/tmr0.c estimated size: 136

mcc_generated_files/pin_manager.c
		_PIN_MANAGER_Initialize		CODE           	264E	0000	66

mcc_generated_files/pin_manager.c estimated size: 66

mcc_generated_files/adc.c
		_ADC_Initialize		CODE           	2868	0000	22
		_ADC_GetConversion		CODE           	2746	0000	58

mcc_generated_files/adc.c estimated size: 80

C:\Program Files\Microchip\xc8\v2.45\pic\sources\c99\common\sprcmul.c
		___flmul       		CODE           	14C2	0000	1066

C:\Program Files\Microchip\xc8\v2.45\pic\sources\c99\common\sprcmul.c estimated size: 1066

C:\Program Files\Microchip\xc8\v2.45\pic\sources\c99\common\sprcdiv.c
		___fldiv       		CODE           	1CC8	0000	922

C:\Program Files\Microchip\xc8\v2.45\pic\sources\c99\common\sprcdiv.c estimated size: 922

C:\Program Files\Microchip\xc8\v2.45\pic\sources\c99\common\lwmod.c
		___lwmod       		CODE           	2542	0000	100

C:\Program Files\Microchip\xc8\v2.45\pic\sources\c99\common\lwmod.c estimated size: 100

mcc_generated_files/tmr5.c
		_TMR5_ISR      		CODE           	2690	0000	62
		_TMR5_Initialize		CODE           	270A	0000	60
		_TMR5_SetInterruptHandler		CODE           	28A8	0000	14
		_TMR5_DefaultInterruptHandler		CODE           	24A8	0000	154
		_TMR5_WriteTimer		CODE           	2822	0000	40

mcc_generated_files/tmr5.c estimated size: 330

shared
		__initialization		CODE           	26CE	0000	50

shared estimated size: 50

mcc_generated_files/eusart1.c
		_EUSART1_Initialize		CODE           	2604	0000	74
		_EUSART1_SetFramingErrorHandler		CODE           	28D2	0000	14
		_EUSART1_SetOverrunErrorHandler		CODE           	28C4	0000	14
		_EUSART1_SetErrorHandler		CODE           	28E0	0000	14
		_EUSART1_Write 		CODE           	287E	0000	22

mcc_generated_files/eusart1.c estimated size: 138

C:\Program Files\Microchip\xc8\v2.45\pic\sources\c99\common\xxtofl.c
		___xxtofl      		CODE           	2062	0000	436

C:\Program Files\Microchip\xc8\v2.45\pic\sources\c99\common\xxtofl.c estimated size: 436

mcc_generated_files/mcc.c
		_OSCILLATOR_Initialize		CODE           	2894	0000	20
		_SYSTEM_Initialize		CODE           	284A	0000	30

mcc_generated_files/mcc.c estimated size: 50

C:\Program Files\Microchip\xc8\v2.45\pic\sources\c99\common\sprcadd.c
		___fladd       		CODE           	1002	0000	1216

C:\Program Files\Microchip\xc8\v2.45\pic\sources\c99\common\sprcadd.c estimated size: 1216

main.c
		_StandardDev   		CODE           	2216	0000	320
		_sampleSignal  		CODE           	25A6	0000	94
		_main          		CODE           	2356	0000	174
		_calculateThreshold		CODE           	27F4	0000	46
		_AveregeFilter 		CODE           	2404	0000	164

main.c estimated size: 798

C:\Program Files\Microchip\xc8\v2.45\pic\sources\c99\common\sqrtf.c
		_sqrtf         		CODE           	18EC	0000	988

C:\Program Files\Microchip\xc8\v2.45\pic\sources\c99\common\sqrtf.c estimated size: 988

